[carmen.sourceforge.net/index.html]
[backblue.gif]
[fade.gif]
[index.html]
[carmen.sourceforge.net/images/carmen-logo-small.png]
[carmen.sourceforge.net/home.html]
[carmen.sourceforge.net/intro.html]
[carmen.sourceforge.net/core_functionality.html]
[carmen.sourceforge.net/news.html]
[carmen.sourceforge.net/repository.html]
[carmen.sourceforge.net/update.html]
[carmen.sourceforge.net/getting_carmen.html]
[carmen.sourceforge.net/hardware.html]
[carmen.sourceforge.net/using_carmen.html]
[carmen.sourceforge.net/config_param.html]
[carmen.sourceforge.net/program_carmen.html]
[carmen.sourceforge.net/FAQ.html]
[carmen.sourceforge.net/papers.html]
[carmen.sourceforge.net/mailing_lists.html]
[carmen.sourceforge.net/contributers.html]
[carmen.sourceforge.net/images/line-200.png]
[carmen.sourceforge.net/images/carmen-logo-big.png]
[carmen.sourceforge.net/index.html]
[carmen.sourceforge.net/styles/styles.css]
[carmen.sourceforge.net/home.html]
[carmen.sourceforge.net/intro.html]
[carmen.sourceforge.net/core_functionality.html]
[carmen.sourceforge.net/news.html]
[carmen.sourceforge.net/repository.html]
[carmen.sourceforge.net/update.html]
[carmen.sourceforge.net/links.html]
[carmen.sourceforge.net/images/bnc1.jpg]
[carmen.sourceforge.net/getting_carmen.html]
[carmen.sourceforge.net/hardware.html]
[carmen.sourceforge.net/logger_playback.html]
[carmen.sourceforge.net/map_editor.html]
[carmen.sourceforge.net/navigatorgui.html]
[carmen.sourceforge.net/images/simpanel.gif]
[carmen.sourceforge.net/images/robotgraph.gif]
[carmen.sourceforge.net/images/vasco1.gif]
[carmen.sourceforge.net/images/vasco2.gif]
[carmen.sourceforge.net/images/vasco3.gif]
[carmen.sourceforge.net/images/egrid.gif]
[carmen.sourceforge.net/images/navpanel.gif]
[carmen.sourceforge.net/using_carmen.html]
[carmen.sourceforge.net/images/param_edit.gif]
[carmen.sourceforge.net/config_param.html]
[carmen.sourceforge.net/doc/index.html]
[carmen.sourceforge.net/program_carmen.html]
[carmen.sourceforge.net/doc/main.html]
[carmen.sourceforge.net/images/equation1.22.delayed]
[carmen.sourceforge.net/images/equation2.23.delayed]
[carmen.sourceforge.net/FAQ.html]
[carmen.sourceforge.net/papers/thrun.robust-mcl.24.delayed]
[carmen.sourceforge.net/papers/thrun.mapping-tr.25.delayed]
[carmen.sourceforge.net/papers.html]
[carmen.sourceforge.net/mailing_lists.html]
[carmen.sourceforge.net/contributers.html]
[carmen.sourceforge.net/images/darpa_logo.gif]
[carmen.sourceforge.net/images/cmulogo.gif]
[carmen.sourceforge.net/images/ri-bar.gif]
[carmen.sourceforge.net/links.html]
[carmen.sourceforge.net/images/playback_control.gif]
[carmen.sourceforge.net/logger_playback.html]
[carmen.sourceforge.net/index-2.html]
[carmen.sourceforge.net/images/map_editor1.gif]
[carmen.sourceforge.net/images/map_editor2.gif]
[carmen.sourceforge.net/images/map_editor3.gif]
[carmen.sourceforge.net/images/map_editor4.gif]
[carmen.sourceforge.net/images/me-help.gif]
[carmen.sourceforge.net/map_editor.html]
[carmen.sourceforge.net/images/navpanel1.gif]
[carmen.sourceforge.net/images/navpanel_falsegoal.gif]
[carmen.sourceforge.net/images/navpanel_people.gif]
[carmen.sourceforge.net/images/navpanel_util.gif]
[carmen.sourceforge.net/images/navpanel_cost.gif]
[carmen.sourceforge.net/images/navpanel_parts.gif]
[carmen.sourceforge.net/images/navpanel_gauss.gif]
[carmen.sourceforge.net/images/navpanel_laser.gif]
[carmen.sourceforge.net/images/navpanel_simtru.gif]
[carmen.sourceforge.net/navigatorgui.html]
[carmen.sourceforge.net/doc/doxygen.css]
[carmen.sourceforge.net/doc/tree-bin.html]
[carmen.sourceforge.net/doc/tree-src.html]
[carmen.sourceforge.net/doc/params.html]
[carmen.sourceforge.net/doc/style.html]
[carmen.sourceforge.net/doc/messages.html]
[carmen.sourceforge.net/doc/faq.html]
[carmen.sourceforge.net/doc/carmen-logo-tiny.png]
[carmen.sourceforge.net/doc/tree.html]
[carmen.sourceforge.net/doc/doxygen.png]
[carmen.sourceforge.net/doc/main.html]
[carmen.sourceforge.net/images/equation1.html]
[carmen.sourceforge.net/images/equation2.html]
[carmen.sourceforge.net/papers/thrun.robust-mcl.html]
[carmen.sourceforge.net/papers/thrun.mapping-tr.html]
[carmen.sourceforge.net/index-2.html]
[carmen.sourceforge.net/doc/doxygen.css]
[carmen.sourceforge.net/doc/binary__base.html]
[carmen.sourceforge.net/doc/binary__ipc.html]
[carmen.sourceforge.net/doc/binary__gps.html]
[carmen.sourceforge.net/doc/binary__joystick.html]
[carmen.sourceforge.net/doc/binary__laser.html]
[carmen.sourceforge.net/doc/binary__localize.html]
[carmen.sourceforge.net/doc/binary__loggerplayback.html]
[carmen.sourceforge.net/doc/binary__logtools.html]
[carmen.sourceforge.net/doc/binary__maptools.html]
[carmen.sourceforge.net/doc/binary__navigator.html]
[carmen.sourceforge.net/doc/binary__param__daemon.html]
[carmen.sourceforge.net/doc/binary__proccontrol.html]
[carmen.sourceforge.net/doc/binary__robot.html]
[carmen.sourceforge.net/doc/binary__simulator.html]
[carmen.sourceforge.net/doc/tree-bin.html]
[carmen.sourceforge.net/doc/binary__vasco.html]
[carmen.sourceforge.net/doc/group__base.html]
[carmen.sourceforge.net/doc/group__camera.html]
[carmen.sourceforge.net/doc/group__global.html]
[carmen.sourceforge.net/doc/group__gps.html]
[carmen.sourceforge.net/doc/group__joystick.html]
[carmen.sourceforge.net/doc/group__laser.html]
[carmen.sourceforge.net/doc/group__localize.html]
[carmen.sourceforge.net/doc/group__logger.html]
[carmen.sourceforge.net/doc/group__logtools.html]
[carmen.sourceforge.net/doc/group__maptools.html]
[carmen.sourceforge.net/doc/group__navigator.html]
[carmen.sourceforge.net/doc/group__pantilt.html]
[carmen.sourceforge.net/doc/group__param__daemon.html]
[carmen.sourceforge.net/doc/group__proccontrol.html]
[carmen.sourceforge.net/doc/group__robot.html]
[carmen.sourceforge.net/doc/group__simulator.html]
[carmen.sourceforge.net/doc/group__vasco.html]
[carmen.sourceforge.net/doc/annotated.html]
[carmen.sourceforge.net/doc/modules.html]
[carmen.sourceforge.net/doc/dirs.html]
[carmen.sourceforge.net/doc/files.html]
[carmen.sourceforge.net/doc/globals_func.html]
[carmen.sourceforge.net/doc/globals_enum.html]
[carmen.sourceforge.net/doc/globals_defs.html]
[carmen.sourceforge.net/doc/globals.html]
[carmen.sourceforge.net/doc/tree-src.html]
[carmen.sourceforge.net/doc/params.html]
[carmen.sourceforge.net/doc/functions.html]
[carmen.sourceforge.net/doc/form_0.png]
[carmen.sourceforge.net/doc/form_1.png]
[carmen.sourceforge.net/doc/form_2.png]
[carmen.sourceforge.net/doc/form_3.png]
[carmen.sourceforge.net/doc/structcarmen__point__t.html]
[carmen.sourceforge.net/doc/structcarmen__traj__point__t.html]
[carmen.sourceforge.net/doc/map__interface_8h.html]
[carmen.sourceforge.net/doc/style.html]
[carmen.sourceforge.net/doc/global_8h.html]
[carmen.sourceforge.net/doc/structcarmen__localize__globalpos__message.html]
[carmen.sourceforge.net/doc/structcarmen__localize__particle__message.html]
[carmen.sourceforge.net/doc/structcarmen__navigator__status__message.html]
[carmen.sourceforge.net/doc/structcarmen__navigator__plan__message.html]
[carmen.sourceforge.net/doc/structcarmen__base__sonar__message.html]
[carmen.sourceforge.net/doc/form_4.png]
[carmen.sourceforge.net/doc/form_5.png]
[carmen.sourceforge.net/doc/form_6.png]
[carmen.sourceforge.net/doc/form_7.png]
[carmen.sourceforge.net/doc/form_8.png]
[carmen.sourceforge.net/doc/form_9.png]
[carmen.sourceforge.net/doc/form_10.png]
[carmen.sourceforge.net/doc/form_11.png]
[carmen.sourceforge.net/doc/form_12.png]
[carmen.sourceforge.net/doc/structcarmen__robot__laser__message.html]
[carmen.sourceforge.net/doc/structcarmen__laser__laser__message.html]
[carmen.sourceforge.net/doc/structcarmen__base__odometry__message.html]
[carmen.sourceforge.net/doc/form_13.png]
[carmen.sourceforge.net/doc/form_14.png]
[carmen.sourceforge.net/doc/structcarmen__localize__sensor__message.html]
[carmen.sourceforge.net/doc/structcarmen__navigator__autonomous__stopped__message.html]
[carmen.sourceforge.net/doc/structcarmen__robot__velocity__message.html]
[carmen.sourceforge.net/doc/structcarmen__robot__vector__move__message.html]
[carmen.sourceforge.net/doc/form_15.png]
[carmen.sourceforge.net/doc/localize__messages_8h.html]
[carmen.sourceforge.net/doc/form_16.png]
[carmen.sourceforge.net/doc/form_17.png]
[carmen.sourceforge.net/doc/form_18.png]
[carmen.sourceforge.net/doc/form_19.png]
[carmen.sourceforge.net/doc/structcarmen__navigator__placename__message.html]
[carmen.sourceforge.net/doc/messages.html]
[carmen.sourceforge.net/doc/faq.html]
[carmen.sourceforge.net/doc/binary__base.html]
[carmen.sourceforge.net/doc/binary__camera.html]
[carmen.sourceforge.net/doc/binary__ipc.html]
[carmen.sourceforge.net/doc/binary__gps.html]
[carmen.sourceforge.net/doc/binary__hmap.html]
[carmen.sourceforge.net/doc/binary__joystick.html]
[carmen.sourceforge.net/doc/binary__laser.html]
[carmen.sourceforge.net/doc/binary__localize.html]
[carmen.sourceforge.net/doc/binary__loggerplayback.html]
[carmen.sourceforge.net/doc/binary__logtools.html]
[carmen.sourceforge.net/doc/binary__maptools.html]
[carmen.sourceforge.net/doc/binary__navigator.html]
[carmen.sourceforge.net/doc/binary__pantilt.html]
[carmen.sourceforge.net/doc/binary__param__daemon.html]
[carmen.sourceforge.net/doc/binary__proccontrol.html]
[carmen.sourceforge.net/doc/binary__robot.html]
[carmen.sourceforge.net/doc/binary__simulator.html]
[carmen.sourceforge.net/doc/structcarmen__param__t.html]
[carmen.sourceforge.net/doc/binary__vasco.html]
[carmen.sourceforge.net/doc/vascocore_8h.html]
[carmen.sourceforge.net/doc/arm__interface_8h.html]
[carmen.sourceforge.net/doc/arm__messages_8h.html]
[carmen.sourceforge.net/doc/base__interface_8h.html]
[carmen.sourceforge.net/doc/base__messages_8h.html]
[carmen.sourceforge.net/doc/segway__interface_8h.html]
[carmen.sourceforge.net/doc/segway__messages_8h.html]
[carmen.sourceforge.net/doc/structcarmen__arm__command__message.html]
[carmen.sourceforge.net/doc/structcarmen__arm__state__message.html]
[carmen.sourceforge.net/doc/structcarmen__base__velocity__message.html]
[carmen.sourceforge.net/doc/structcarmen__base__holonomic__velocity__message.html]
[carmen.sourceforge.net/doc/structcarmen__base__sonar__conf__message.html]
[carmen.sourceforge.net/doc/structcarmen__base__bumper__message.html]
[carmen.sourceforge.net/doc/structcarmen__base__ir__message.html]
[carmen.sourceforge.net/doc/structcarmen__base__ir__conf__message.html]
[carmen.sourceforge.net/doc/structcarmen__base__binary__data__message.html]
[carmen.sourceforge.net/doc/structcarmen__segway__pose__message.html]
[carmen.sourceforge.net/doc/structcarmen__segway__battery__message.html]
[carmen.sourceforge.net/doc/group__base.html]
[carmen.sourceforge.net/doc/structcarmen__default__message.html]
[carmen.sourceforge.net/doc/camera__hw__interface_8h.html]
[carmen.sourceforge.net/doc/camera__interface_8h.html]
[carmen.sourceforge.net/doc/camera__messages_8h.html]
[carmen.sourceforge.net/doc/structcarmen__camera__image__t.html]
[carmen.sourceforge.net/doc/group__camera.html]
[carmen.sourceforge.net/doc/structcarmen__camera__image__message.html]
[carmen.sourceforge.net/doc/artwrap_8h.html]
[carmen.sourceforge.net/doc/carmen__stdio_8h.html]
[carmen.sourceforge.net/doc/geometry_8h.html]
[carmen.sourceforge.net/doc/ipc__wrapper_8h.html]
[carmen.sourceforge.net/doc/movement_8h.html]
[carmen.sourceforge.net/doc/pswrap_8h.html]
[carmen.sourceforge.net/doc/carmenserial_8h.html]
[carmen.sourceforge.net/doc/structart__buffer__t.html]
[carmen.sourceforge.net/doc/structart__context__t.html]
[carmen.sourceforge.net/doc/structcarmen__FILE.html]
[carmen.sourceforge.net/doc/structcarmen__robot__config__t.html]
[carmen.sourceforge.net/doc/structcarmen__bresenham__param__t.html]
[carmen.sourceforge.net/doc/structcarmen__list__t.html]
[carmen.sourceforge.net/doc/structcarmen__heartbeat__message.html]
[carmen.sourceforge.net/doc/structcarmen__movement__rtr__t.html]
[carmen.sourceforge.net/doc/structcarmen__movement__fsr__t.html]
[carmen.sourceforge.net/doc/structcarmen__ps__doc__t.html]
[carmen.sourceforge.net/doc/group__global.html]
[carmen.sourceforge.net/doc/global_8h-source.html]
[carmen.sourceforge.net/doc/gps__nmea__interface_8h.html]
[carmen.sourceforge.net/doc/gps__nmea__messages_8h.html]
[carmen.sourceforge.net/doc/structcarmen__gps__gpgga__message.html]
[carmen.sourceforge.net/doc/group__gps.html]
[carmen.sourceforge.net/doc/group__ipc.html]
[carmen.sourceforge.net/doc/structcarmen__gps__gprmc__message.html]
[carmen.sourceforge.net/doc/joyctrl_8h.html]
[carmen.sourceforge.net/doc/group__joystick.html]
[carmen.sourceforge.net/doc/structcarmen__joystick__type.html]
[carmen.sourceforge.net/doc/laser__interface_8h.html]
[carmen.sourceforge.net/doc/laser__messages_8h.html]
[carmen.sourceforge.net/doc/structcarmen__laser__laser__config__t.html]
[carmen.sourceforge.net/doc/structcarmen__laser__alive__message.html]
[carmen.sourceforge.net/doc/group__laser.html]
[carmen.sourceforge.net/doc/laser__messages_8h-source.html]
[carmen.sourceforge.net/doc/localizecore_8h.html]
[carmen.sourceforge.net/doc/localize__interface_8h.html]
[carmen.sourceforge.net/doc/localize__motion_8h.html]
[carmen.sourceforge.net/doc/structcarmen__localize__param__t.html]
[carmen.sourceforge.net/doc/structcarmen__localize__particle__t.html]
[carmen.sourceforge.net/doc/structcarmen__localize__particle__filter__t.html]
[carmen.sourceforge.net/doc/structcarmen__localize__laser__point__t.html]
[carmen.sourceforge.net/doc/structcarmen__localize__summary__t.html]
[carmen.sourceforge.net/doc/structcarmen__localize__initialize__message.html]
[carmen.sourceforge.net/doc/structcarmen__localize__initialize__placename__message.html]
[carmen.sourceforge.net/doc/structcarmen__localize__particle__ipc__t.html]
[carmen.sourceforge.net/doc/structcarmen__localize__map__query__message.html]
[carmen.sourceforge.net/doc/structcarmen__localize__map__message.html]
[carmen.sourceforge.net/doc/group__localize.html]
[carmen.sourceforge.net/doc/structcarmen__localize__motion__model__t.html]
[carmen.sourceforge.net/doc/readlog_8h.html]
[carmen.sourceforge.net/doc/writelog_8h.html]
[carmen.sourceforge.net/doc/logger__messages_8h.html]
[carmen.sourceforge.net/doc/playback__interface_8h.html]
[carmen.sourceforge.net/doc/playback__messages_8h.html]
[carmen.sourceforge.net/doc/structcarmen__logfile__index__t.html]
[carmen.sourceforge.net/doc/structcarmen__logger__sync__message.html]
[carmen.sourceforge.net/doc/structcarmen__playback__command__message.html]
[carmen.sourceforge.net/doc/group__logger.html]
[carmen.sourceforge.net/doc/structcarmen__simulator__truepos__message.html]
[carmen.sourceforge.net/doc/group__logtools.html]
[carmen.sourceforge.net/doc/clfconvert_8h.html]
[carmen.sourceforge.net/doc/linemapping_8h.html]
[carmen.sourceforge.net/doc/map__messages_8h.html]
[carmen.sourceforge.net/doc/structcarmen__linemapping__segment__t.html]
[carmen.sourceforge.net/doc/structcarmen__linemapping__segment__set__t.html]
[carmen.sourceforge.net/doc/structcarmen__linemapping__parameters__t.html]
[carmen.sourceforge.net/doc/structcarmen__hmap__message.html]
[carmen.sourceforge.net/doc/structcarmen__grid__map__message.html]
[carmen.sourceforge.net/doc/structcarmen__named__gridmap__request.html]
[carmen.sourceforge.net/doc/structcarmen__map__placelist__message.html]
[carmen.sourceforge.net/doc/structcarmen__map__named__placelist__request.html]
[carmen.sourceforge.net/doc/structcarmen__map__offlimits__message.html]
[carmen.sourceforge.net/doc/structcarmen__map__named__offlimits__request.html]
[carmen.sourceforge.net/doc/structcarmen__map__zone__message.html]
[carmen.sourceforge.net/doc/structcarmen__map__change__map__zone__request.html]
[carmen.sourceforge.net/doc/group__maptools.html]
[carmen.sourceforge.net/doc/structcarmen__map__change__map__zone__response.html]
[carmen.sourceforge.net/doc/conventional_8h.html]
[carmen.sourceforge.net/doc/navigator__interface_8h.html]
[carmen.sourceforge.net/doc/navigator__messages_8h.html]
[carmen.sourceforge.net/doc/planner__interface_8h.html]
[carmen.sourceforge.net/doc/structcarmen__navigator__set__goal__message.html]
[carmen.sourceforge.net/doc/structcarmen__navigator__set__goal__triplet__message.html]
[carmen.sourceforge.net/doc/structcarmen__navigator__map__request__message.html]
[carmen.sourceforge.net/doc/structcarmen__navigator__map__message.html]
[carmen.sourceforge.net/doc/structcarmen__navigator__return__code__message.html]
[carmen.sourceforge.net/doc/structcarmen__navigator__display__config__message.html]
[carmen.sourceforge.net/doc/structcarmen__planner__path__t.html]
[carmen.sourceforge.net/doc/group__navigator.html]
[carmen.sourceforge.net/doc/structcarmen__planner__status__t.html]
[carmen.sourceforge.net/doc/pantilt__interface_8h.html]
[carmen.sourceforge.net/doc/pantilt__messages_8h.html]
[carmen.sourceforge.net/doc/structcarmen__pantilt__status__message.html]
[carmen.sourceforge.net/doc/structcarmen__pantilt__move__message.html]
[carmen.sourceforge.net/doc/structcarmen__pantilt__move__pan__message.html]
[carmen.sourceforge.net/doc/group__pantilt.html]
[carmen.sourceforge.net/doc/structcarmen__pantilt__move__tilt__message.html]
[carmen.sourceforge.net/doc/param__interface_8h.html]
[carmen.sourceforge.net/doc/param__messages_8h.html]
[carmen.sourceforge.net/doc/structcarmen__param__query__message.html]
[carmen.sourceforge.net/doc/structcarmen__param__response__robot__message.html]
[carmen.sourceforge.net/doc/structcarmen__param__response__modules__message.html]
[carmen.sourceforge.net/doc/structcarmen__param__response__all__message.html]
[carmen.sourceforge.net/doc/structcarmen__param__response__int__message.html]
[carmen.sourceforge.net/doc/structcarmen__param__response__double__message.html]
[carmen.sourceforge.net/doc/structcarmen__param__response__onoff__message.html]
[carmen.sourceforge.net/doc/structcarmen__param__response__string__message.html]
[carmen.sourceforge.net/doc/structcarmen__param__set__message.html]
[carmen.sourceforge.net/doc/group__param__daemon.html]
[carmen.sourceforge.net/doc/structcarmen__param__version__message.html]
[carmen.sourceforge.net/doc/proccontrol__interface_8h.html]
[carmen.sourceforge.net/doc/structcarmen__proccontrol__groupset__message.html]
[carmen.sourceforge.net/doc/structcarmen__proccontrol__moduleset__message.html]
[carmen.sourceforge.net/doc/structcarmen__proccontrol__process__t.html]
[carmen.sourceforge.net/doc/structcarmen__proccontrol__pidtable__message.html]
[carmen.sourceforge.net/doc/group__proccontrol.html]
[carmen.sourceforge.net/doc/structcarmen__proccontrol__output__message.html]
[carmen.sourceforge.net/doc/robot__central_8h.html]
[carmen.sourceforge.net/doc/robot__interface_8h.html]
[carmen.sourceforge.net/doc/robot__messages_8h.html]
[carmen.sourceforge.net/doc/structcarmen__robot__sonar__message.html]
[carmen.sourceforge.net/doc/proccontrol__messages_8h.html]
[carmen.sourceforge.net/doc/structcarmen__robot__bumper__message.html]
[carmen.sourceforge.net/doc/structcarmen__robot__vector__status__message.html]
[carmen.sourceforge.net/doc/group__robot.html]
[carmen.sourceforge.net/doc/structcarmen__robot__follow__trajectory__message.html]
[carmen.sourceforge.net/doc/simulator__interface_8h.html]
[carmen.sourceforge.net/doc/simulator__messages_8h.html]
[carmen.sourceforge.net/doc/structcarmen__simulator__set__truepose__message.html]
[carmen.sourceforge.net/doc/structcarmen__simulator__connect__robots__message.html]
[carmen.sourceforge.net/doc/structcarmen__simulator__set__object__message.html]
[carmen.sourceforge.net/doc/group__simulator.html]
[carmen.sourceforge.net/doc/structcarmen__simulator__objects__message.html]
[carmen.sourceforge.net/doc/egrid_8h.html]
[carmen.sourceforge.net/doc/structevidence__grid.html]
[carmen.sourceforge.net/doc/structcarmen__vec2__t.html]
[carmen.sourceforge.net/doc/structcarmen__ivec2__t.html]
[carmen.sourceforge.net/doc/structcarmen__svec2__t.html]
[carmen.sourceforge.net/doc/structcarmen__move__t.html]
[carmen.sourceforge.net/doc/structcarmen__gauss__kernel__t.html]
[carmen.sourceforge.net/doc/structcarmen__bbox__t.html]
[carmen.sourceforge.net/doc/group__vasco.html]
[carmen.sourceforge.net/doc/annotated.html]
[carmen.sourceforge.net/doc/modules.html]
[carmen.sourceforge.net/doc/structcarmen__vascocore__param__t.html]
[carmen.sourceforge.net/doc/dir_000002.html]
[carmen.sourceforge.net/doc/dir_000003.html]
[carmen.sourceforge.net/doc/dir_000004.html]
[carmen.sourceforge.net/doc/dir_000000.html]
[carmen.sourceforge.net/doc/dir_000001.html]
[carmen.sourceforge.net/doc/dir_000005.html]
[carmen.sourceforge.net/doc/dir_000006.html]
[carmen.sourceforge.net/doc/dir_000007.html]
[carmen.sourceforge.net/doc/dir_000008.html]
[carmen.sourceforge.net/doc/dir_000009.html]
[carmen.sourceforge.net/doc/dir_000010.html]
[carmen.sourceforge.net/doc/dir_000011.html]
[carmen.sourceforge.net/doc/dir_000012.html]
[carmen.sourceforge.net/doc/dir_000013.html]
[carmen.sourceforge.net/doc/dir_000014.html]
[carmen.sourceforge.net/doc/dir_000015.html]
[carmen.sourceforge.net/doc/dir_000016.html]
[carmen.sourceforge.net/doc/dir_000017.html]
[carmen.sourceforge.net/doc/dir_000018.html]
[carmen.sourceforge.net/doc/dirs.html]
[carmen.sourceforge.net/doc/dir_000019.html]
[carmen.sourceforge.net/doc/faq_8html-source.html]
[carmen.sourceforge.net/doc/arm__interface_8h-source.html]
[carmen.sourceforge.net/doc/arm__messages_8h-source.html]
[carmen.sourceforge.net/doc/base__interface_8h-source.html]
[carmen.sourceforge.net/doc/base__messages_8h-source.html]
[carmen.sourceforge.net/doc/segway__interface_8h-source.html]
[carmen.sourceforge.net/doc/segway__messages_8h-source.html]
[carmen.sourceforge.net/doc/camera__hw__interface_8h-source.html]
[carmen.sourceforge.net/doc/camera__interface_8h-source.html]
[carmen.sourceforge.net/doc/camera__messages_8h-source.html]
[carmen.sourceforge.net/doc/artwrap_8h-source.html]
[carmen.sourceforge.net/doc/carmen__stdio_8h-source.html]
[carmen.sourceforge.net/doc/carmenserial_8h-source.html]
[carmen.sourceforge.net/doc/geometry_8h-source.html]
[carmen.sourceforge.net/doc/ipc__wrapper_8h-source.html]
[carmen.sourceforge.net/doc/movement_8h-source.html]
[carmen.sourceforge.net/doc/pswrap_8h-source.html]
[carmen.sourceforge.net/doc/gps__nmea__interface_8h-source.html]
[carmen.sourceforge.net/doc/gps__nmea__messages_8h-source.html]
[carmen.sourceforge.net/doc/joyctrl_8h-source.html]
[carmen.sourceforge.net/doc/laser__interface_8h-source.html]
[carmen.sourceforge.net/doc/localize__interface_8h-source.html]
[carmen.sourceforge.net/doc/localize__messages_8h-source.html]
[carmen.sourceforge.net/doc/localize__motion_8h-source.html]
[carmen.sourceforge.net/doc/localizecore_8h-source.html]
[carmen.sourceforge.net/doc/logger__messages_8h-source.html]
[carmen.sourceforge.net/doc/playback__interface_8h-source.html]
[carmen.sourceforge.net/doc/playback__messages_8h-source.html]
[carmen.sourceforge.net/doc/readlog_8h-source.html]
[carmen.sourceforge.net/doc/writelog_8h-source.html]
[carmen.sourceforge.net/doc/clfconvert_8h-source.html]
[carmen.sourceforge.net/doc/linemapping_8h-source.html]
[carmen.sourceforge.net/doc/map__interface_8h-source.html]
[carmen.sourceforge.net/doc/map__messages_8h-source.html]
[carmen.sourceforge.net/doc/conventional_8h-source.html]
[carmen.sourceforge.net/doc/navigator__interface_8h-source.html]
[carmen.sourceforge.net/doc/navigator__messages_8h-source.html]
[carmen.sourceforge.net/doc/planner__interface_8h-source.html]
[carmen.sourceforge.net/doc/pantilt__interface_8h-source.html]
[carmen.sourceforge.net/doc/pantilt__messages_8h-source.html]
[carmen.sourceforge.net/doc/param__interface_8h-source.html]
[carmen.sourceforge.net/doc/param__messages_8h-source.html]
[carmen.sourceforge.net/doc/proccontrol__interface_8h-source.html]
[carmen.sourceforge.net/doc/proccontrol__messages_8h-source.html]
[carmen.sourceforge.net/doc/robot__central_8h-source.html]
[carmen.sourceforge.net/doc/robot__interface_8h-source.html]
[carmen.sourceforge.net/doc/robot__messages_8h-source.html]
[carmen.sourceforge.net/doc/simulator__interface_8h-source.html]
[carmen.sourceforge.net/doc/simulator__messages_8h-source.html]
[carmen.sourceforge.net/doc/egrid_8h-source.html]
[carmen.sourceforge.net/doc/files.html]
[carmen.sourceforge.net/doc/vascocore_8h-source.html]
[carmen.sourceforge.net/doc/globals_func.html]
[carmen.sourceforge.net/doc/globals_enum.html]
[carmen.sourceforge.net/doc/globals_type.html]
[carmen.sourceforge.net/doc/globals_defs_0x63.html]
[carmen.sourceforge.net/doc/globals_defs_0x66.html]
[carmen.sourceforge.net/doc/globals_defs_0x6d.html]
[carmen.sourceforge.net/doc/globals_defs_0x73.html]
[carmen.sourceforge.net/doc/globals_defs.html]
[carmen.sourceforge.net/doc/globals_defs_0x74.html]
[carmen.sourceforge.net/doc/globals_0x63.html]
[carmen.sourceforge.net/doc/globals_0x66.html]
[carmen.sourceforge.net/doc/globals_0x6d.html]
[carmen.sourceforge.net/doc/globals_0x73.html]
[carmen.sourceforge.net/doc/globals.html]
[carmen.sourceforge.net/doc/globals_0x74.html]
[carmen.sourceforge.net/doc/functions_vars.html]
[carmen.sourceforge.net/doc/functions_0x62.html]
[carmen.sourceforge.net/doc/functions_0x63.html]
[carmen.sourceforge.net/doc/functions_0x64.html]
[carmen.sourceforge.net/doc/functions_0x65.html]
[carmen.sourceforge.net/doc/functions_0x66.html]
[carmen.sourceforge.net/doc/functions_0x67.html]
[carmen.sourceforge.net/doc/functions_0x68.html]
[carmen.sourceforge.net/doc/functions_0x69.html]
[carmen.sourceforge.net/doc/functions_0x6a.html]
[carmen.sourceforge.net/doc/functions_0x6c.html]
[carmen.sourceforge.net/doc/functions_0x6d.html]
[carmen.sourceforge.net/doc/functions_0x6e.html]
[carmen.sourceforge.net/doc/functions_0x6f.html]
[carmen.sourceforge.net/doc/functions_0x70.html]
[carmen.sourceforge.net/doc/functions_0x72.html]
[carmen.sourceforge.net/doc/functions_0x73.html]
[carmen.sourceforge.net/doc/functions_0x74.html]
[carmen.sourceforge.net/doc/functions_0x75.html]
[carmen.sourceforge.net/doc/functions_0x76.html]
[carmen.sourceforge.net/doc/functions_0x77.html]
[carmen.sourceforge.net/doc/functions_0x78.html]
[carmen.sourceforge.net/doc/functions_0x79.html]
[carmen.sourceforge.net/doc/functions.html]
[carmen.sourceforge.net/doc/structcarmen__point__t.html]
[carmen.sourceforge.net/doc/structcarmen__traj__point__t.html]
[carmen.sourceforge.net/doc/map__interface_8h.html]
[carmen.sourceforge.net/doc/global_8h.html]
[carmen.sourceforge.net/doc/structcarmen__localize__globalpos__message.html]
[carmen.sourceforge.net/doc/structcarmen__localize__particle__message.html]
[carmen.sourceforge.net/doc/structcarmen__navigator__status__message.html]
[carmen.sourceforge.net/doc/structcarmen__navigator__plan__message.html]
[carmen.sourceforge.net/doc/structcarmen__base__sonar__message.html]
[carmen.sourceforge.net/doc/structcarmen__robot__laser__message.html]
[carmen.sourceforge.net/doc/structcarmen__laser__laser__message.html]
[carmen.sourceforge.net/doc/structcarmen__base__odometry__message.html]
[carmen.sourceforge.net/doc/structcarmen__localize__sensor__message.html]
[carmen.sourceforge.net/doc/structcarmen__navigator__autonomous__stopped__message.html]
[carmen.sourceforge.net/doc/structcarmen__robot__velocity__message.html]
[carmen.sourceforge.net/doc/structcarmen__robot__vector__move__message.html]
[carmen.sourceforge.net/doc/localize__messages_8h.html]
[carmen.sourceforge.net/doc/structcarmen__navigator__placename__message.html]
[carmen.sourceforge.net/doc/structcarmen__param__t.html]
[carmen.sourceforge.net/doc/vascocore_8h.html]
[carmen.sourceforge.net/doc/arm__interface_8h.html]
[carmen.sourceforge.net/doc/arm__messages_8h.html]
[carmen.sourceforge.net/doc/base__interface_8h.html]
[carmen.sourceforge.net/doc/base__messages_8h.html]
[carmen.sourceforge.net/doc/segway__interface_8h.html]
[carmen.sourceforge.net/doc/segway__messages_8h.html]
[carmen.sourceforge.net/doc/structcarmen__arm__command__message.html]
[carmen.sourceforge.net/doc/structcarmen__arm__state__message.html]
[carmen.sourceforge.net/doc/structcarmen__base__velocity__message.html]
[carmen.sourceforge.net/doc/structcarmen__base__holonomic__velocity__message.html]
[carmen.sourceforge.net/doc/structcarmen__base__sonar__conf__message.html]
[carmen.sourceforge.net/doc/structcarmen__base__bumper__message.html]
[carmen.sourceforge.net/doc/structcarmen__base__ir__message.html]
[carmen.sourceforge.net/doc/structcarmen__base__ir__conf__message.html]
[carmen.sourceforge.net/doc/structcarmen__base__binary__data__message.html]
[carmen.sourceforge.net/doc/structcarmen__segway__pose__message.html]
[carmen.sourceforge.net/doc/structcarmen__segway__battery__message.html]
[carmen.sourceforge.net/doc/structcarmen__default__message.html]
[carmen.sourceforge.net/doc/camera__hw__interface_8h.html]
[carmen.sourceforge.net/doc/camera__interface_8h.html]
[carmen.sourceforge.net/doc/camera__messages_8h.html]
[carmen.sourceforge.net/doc/structcarmen__camera__image__t.html]
[carmen.sourceforge.net/doc/functions_0x7a.html]
[carmen.sourceforge.net/doc/structcarmen__camera__image__message.html]
[carmen.sourceforge.net/doc/artwrap_8h.html]
[carmen.sourceforge.net/doc/carmen__stdio_8h.html]
[carmen.sourceforge.net/doc/geometry_8h.html]
[carmen.sourceforge.net/doc/ipc__wrapper_8h.html]
[carmen.sourceforge.net/doc/movement_8h.html]
[carmen.sourceforge.net/doc/pswrap_8h.html]
[carmen.sourceforge.net/doc/carmenserial_8h.html]
[carmen.sourceforge.net/doc/structart__buffer__t.html]
[carmen.sourceforge.net/doc/structart__context__t.html]
[carmen.sourceforge.net/doc/structcarmen__FILE.html]
[carmen.sourceforge.net/doc/structcarmen__robot__config__t.html]
[carmen.sourceforge.net/doc/structcarmen__bresenham__param__t.html]
[carmen.sourceforge.net/doc/structcarmen__list__t.html]
[carmen.sourceforge.net/doc/structcarmen__heartbeat__message.html]
[carmen.sourceforge.net/doc/structcarmen__movement__rtr__t.html]
[carmen.sourceforge.net/doc/structcarmen__movement__fsr__t.html]
[carmen.sourceforge.net/doc/structcarmen__ps__doc__t.html]
[carmen.sourceforge.net/doc/global_8h-source.html]
[carmen.sourceforge.net/doc/gps__nmea__interface_8h.html]
[carmen.sourceforge.net/doc/gps__nmea__messages_8h.html]
[carmen.sourceforge.net/doc/structcarmen__gps__gpgga__message.html]
[carmen.sourceforge.net/doc/structcarmen__gps__gprmc__message.html]
[carmen.sourceforge.net/doc/joyctrl_8h.html]
[carmen.sourceforge.net/doc/structcarmen__joystick__type.html]
[carmen.sourceforge.net/doc/laser__interface_8h.html]
[carmen.sourceforge.net/doc/laser__messages_8h.html]
[carmen.sourceforge.net/doc/structcarmen__laser__laser__config__t.html]
[carmen.sourceforge.net/doc/structcarmen__laser__alive__message.html]
[carmen.sourceforge.net/doc/laser__messages_8h-source.html]
[carmen.sourceforge.net/doc/localizecore_8h.html]
[carmen.sourceforge.net/doc/localize__interface_8h.html]
[carmen.sourceforge.net/doc/localize__motion_8h.html]
[carmen.sourceforge.net/doc/structcarmen__localize__param__t.html]
[carmen.sourceforge.net/doc/structcarmen__localize__particle__t.html]
[carmen.sourceforge.net/doc/structcarmen__localize__particle__filter__t.html]
[carmen.sourceforge.net/doc/structcarmen__localize__laser__point__t.html]
[carmen.sourceforge.net/doc/structcarmen__localize__summary__t.html]
[carmen.sourceforge.net/doc/structcarmen__localize__initialize__message.html]
[carmen.sourceforge.net/doc/structcarmen__localize__initialize__placename__message.html]
[carmen.sourceforge.net/doc/structcarmen__localize__particle__ipc__t.html]
[carmen.sourceforge.net/doc/structcarmen__localize__map__query__message.html]
[carmen.sourceforge.net/doc/structcarmen__localize__map__message.html]
[carmen.sourceforge.net/doc/structcarmen__localize__motion__model__t.html]
[carmen.sourceforge.net/doc/readlog_8h.html]
[carmen.sourceforge.net/doc/writelog_8h.html]
[carmen.sourceforge.net/doc/logger__messages_8h.html]
[carmen.sourceforge.net/doc/playback__interface_8h.html]
[carmen.sourceforge.net/doc/playback__messages_8h.html]
[carmen.sourceforge.net/doc/structcarmen__logfile__index__t.html]
[carmen.sourceforge.net/doc/structcarmen__logger__sync__message.html]
[carmen.sourceforge.net/doc/structcarmen__playback__command__message.html]
[carmen.sourceforge.net/doc/structcarmen__simulator__truepos__message.html]
[carmen.sourceforge.net/doc/clfconvert_8h.html]
[carmen.sourceforge.net/doc/linemapping_8h.html]
[carmen.sourceforge.net/doc/map__messages_8h.html]
[carmen.sourceforge.net/doc/structcarmen__linemapping__segment__t.html]
[carmen.sourceforge.net/doc/structcarmen__linemapping__segment__set__t.html]
[carmen.sourceforge.net/doc/structcarmen__linemapping__parameters__t.html]
[carmen.sourceforge.net/doc/structcarmen__hmap__message.html]
[carmen.sourceforge.net/doc/structcarmen__grid__map__message.html]
[carmen.sourceforge.net/doc/structcarmen__named__gridmap__request.html]
[carmen.sourceforge.net/doc/structcarmen__map__placelist__message.html]
[carmen.sourceforge.net/doc/structcarmen__map__named__placelist__request.html]
[carmen.sourceforge.net/doc/structcarmen__map__offlimits__message.html]
[carmen.sourceforge.net/doc/structcarmen__map__named__offlimits__request.html]
[carmen.sourceforge.net/doc/structcarmen__map__zone__message.html]
[carmen.sourceforge.net/doc/structcarmen__map__change__map__zone__request.html]
[carmen.sourceforge.net/doc/structcarmen__map__change__map__zone__response.html]
[carmen.sourceforge.net/doc/conventional_8h.html]
[carmen.sourceforge.net/doc/navigator__interface_8h.html]
[carmen.sourceforge.net/doc/navigator__messages_8h.html]
[carmen.sourceforge.net/doc/planner__interface_8h.html]
[carmen.sourceforge.net/doc/structcarmen__navigator__set__goal__message.html]
[carmen.sourceforge.net/doc/structcarmen__navigator__set__goal__triplet__message.html]
[carmen.sourceforge.net/doc/structcarmen__navigator__map__request__message.html]
[carmen.sourceforge.net/doc/structcarmen__navigator__map__message.html]
[carmen.sourceforge.net/doc/structcarmen__navigator__return__code__message.html]
[carmen.sourceforge.net/doc/structcarmen__navigator__display__config__message.html]
[carmen.sourceforge.net/doc/structcarmen__planner__path__t.html]
[carmen.sourceforge.net/doc/structcarmen__planner__status__t.html]
[carmen.sourceforge.net/doc/pantilt__interface_8h.html]
[carmen.sourceforge.net/doc/pantilt__messages_8h.html]
[carmen.sourceforge.net/doc/structcarmen__pantilt__status__message.html]
[carmen.sourceforge.net/doc/structcarmen__pantilt__move__message.html]
[carmen.sourceforge.net/doc/structcarmen__pantilt__move__pan__message.html]
[carmen.sourceforge.net/doc/structcarmen__pantilt__move__tilt__message.html]
[carmen.sourceforge.net/doc/param__interface_8h.html]
[carmen.sourceforge.net/doc/param__messages_8h.html]
[carmen.sourceforge.net/doc/structcarmen__param__query__message.html]
[carmen.sourceforge.net/doc/structcarmen__param__response__robot__message.html]
[carmen.sourceforge.net/doc/structcarmen__param__response__modules__message.html]
[carmen.sourceforge.net/doc/structcarmen__param__response__all__message.html]
[carmen.sourceforge.net/doc/structcarmen__param__response__int__message.html]
[carmen.sourceforge.net/doc/structcarmen__param__response__double__message.html]
[carmen.sourceforge.net/doc/structcarmen__param__response__onoff__message.html]
[carmen.sourceforge.net/doc/structcarmen__param__response__string__message.html]
[carmen.sourceforge.net/doc/structcarmen__param__set__message.html]
[carmen.sourceforge.net/doc/structcarmen__param__version__message.html]
[carmen.sourceforge.net/doc/proccontrol__interface_8h.html]
[carmen.sourceforge.net/doc/proccontrol__messages_8h.html]
[carmen.sourceforge.net/doc/structcarmen__proccontrol__groupset__message.html]
[carmen.sourceforge.net/doc/structcarmen__proccontrol__moduleset__message.html]
[carmen.sourceforge.net/doc/structcarmen__proccontrol__process__t.html]
[carmen.sourceforge.net/doc/structcarmen__proccontrol__pidtable__message.html]
[carmen.sourceforge.net/doc/structcarmen__proccontrol__output__message.html]
[carmen.sourceforge.net/doc/robot__central_8h.html]
[carmen.sourceforge.net/doc/robot__interface_8h.html]
[carmen.sourceforge.net/doc/robot__messages_8h.html]
[carmen.sourceforge.net/doc/structcarmen__robot__sonar__message.html]
[carmen.sourceforge.net/doc/structcarmen__robot__bumper__message.html]
[carmen.sourceforge.net/doc/structcarmen__robot__vector__status__message.html]
[carmen.sourceforge.net/doc/structcarmen__robot__follow__trajectory__message.html]
[carmen.sourceforge.net/doc/simulator__interface_8h.html]
[carmen.sourceforge.net/doc/simulator__messages_8h.html]
[carmen.sourceforge.net/doc/structcarmen__simulator__set__truepose__message.html]
[carmen.sourceforge.net/doc/structcarmen__simulator__connect__robots__message.html]
[carmen.sourceforge.net/doc/structcarmen__simulator__set__object__message.html]
[carmen.sourceforge.net/doc/structcarmen__simulator__objects__message.html]
[carmen.sourceforge.net/doc/egrid_8h.html]
[carmen.sourceforge.net/doc/structevidence__grid.html]
[carmen.sourceforge.net/doc/structcarmen__vec2__t.html]
[carmen.sourceforge.net/doc/structcarmen__ivec2__t.html]
[carmen.sourceforge.net/doc/structcarmen__svec2__t.html]
[carmen.sourceforge.net/doc/structcarmen__move__t.html]
[carmen.sourceforge.net/doc/structcarmen__gauss__kernel__t.html]
[carmen.sourceforge.net/doc/structcarmen__bbox__t.html]
[carmen.sourceforge.net/doc/structcarmen__vascocore__param__t.html]
[carmen.sourceforge.net/doc/dir_000002.html]
[carmen.sourceforge.net/doc/dir_000003.html]
[carmen.sourceforge.net/doc/dir_000004.html]
[carmen.sourceforge.net/doc/dir_000000.html]
[carmen.sourceforge.net/doc/dir_000001.html]
[carmen.sourceforge.net/doc/dir_000005.html]
[carmen.sourceforge.net/doc/dir_000006.html]
[carmen.sourceforge.net/doc/dir_000007.html]
[carmen.sourceforge.net/doc/dir_000008.html]
[carmen.sourceforge.net/doc/dir_000009.html]
[carmen.sourceforge.net/doc/dir_000010.html]
[carmen.sourceforge.net/doc/dir_000011.html]
[carmen.sourceforge.net/doc/dir_000012.html]
[carmen.sourceforge.net/doc/dir_000013.html]
[carmen.sourceforge.net/doc/dir_000014.html]
[carmen.sourceforge.net/doc/dir_000015.html]
[carmen.sourceforge.net/doc/dir_000016.html]
[carmen.sourceforge.net/doc/dir_000017.html]
[carmen.sourceforge.net/doc/dir_000018.html]
[carmen.sourceforge.net/doc/dir_000019.html]
[carmen.sourceforge.net/doc/faq_8html-source.html]
[carmen.sourceforge.net/doc/main_8html-source.html]
[carmen.sourceforge.net/doc/messages_8html-source.html]
[carmen.sourceforge.net/doc/params_8html-source.html]
[carmen.sourceforge.net/doc/style_8html-source.html]
[carmen.sourceforge.net/doc/binary__base-source.html]
[carmen.sourceforge.net/doc/binary__camera-source.html]
[carmen.sourceforge.net/doc/binary__global-source.html]
[carmen.sourceforge.net/doc/binary__gps-source.html]
[carmen.sourceforge.net/doc/binary__hmap-source.html]
[carmen.sourceforge.net/doc/binary__ipc-source.html]
[carmen.sourceforge.net/doc/binary__joystick-source.html]
[carmen.sourceforge.net/doc/binary__laser-source.html]
[carmen.sourceforge.net/doc/binary__localize-source.html]
[carmen.sourceforge.net/doc/binary__loggerplayback-source.html]
[carmen.sourceforge.net/doc/binary__logtools-source.html]
[carmen.sourceforge.net/doc/binary__maptools-source.html]
[carmen.sourceforge.net/doc/binary__navigator-source.html]
[carmen.sourceforge.net/doc/binary__pantilt-source.html]
[carmen.sourceforge.net/doc/binary__param__daemon-source.html]
[carmen.sourceforge.net/doc/binary__proccontrol-source.html]
[carmen.sourceforge.net/doc/binary__robot-source.html]
[carmen.sourceforge.net/doc/binary__simulator-source.html]
[carmen.sourceforge.net/doc/binary__vasco-source.html]
[carmen.sourceforge.net/doc/arm__interface_8h-source.html]
[carmen.sourceforge.net/doc/arm__messages_8h-source.html]
[carmen.sourceforge.net/doc/base__interface_8h-source.html]
[carmen.sourceforge.net/doc/base__messages_8h-source.html]
[carmen.sourceforge.net/doc/segway__interface_8h-source.html]
[carmen.sourceforge.net/doc/segway__messages_8h-source.html]
[carmen.sourceforge.net/doc/camera__hw__interface_8h-source.html]
[carmen.sourceforge.net/doc/camera__interface_8h-source.html]
[carmen.sourceforge.net/doc/camera__messages_8h-source.html]
[carmen.sourceforge.net/doc/artwrap_8h-source.html]
[carmen.sourceforge.net/doc/carmen__stdio_8h-source.html]
[carmen.sourceforge.net/doc/carmenserial_8h-source.html]
[carmen.sourceforge.net/doc/geometry_8h-source.html]
[carmen.sourceforge.net/doc/ipc__wrapper_8h-source.html]
[carmen.sourceforge.net/doc/movement_8h-source.html]
[carmen.sourceforge.net/doc/pswrap_8h-source.html]
[carmen.sourceforge.net/doc/gps__nmea__interface_8h-source.html]
[carmen.sourceforge.net/doc/gps__nmea__messages_8h-source.html]
[carmen.sourceforge.net/doc/joyctrl_8h-source.html]
[carmen.sourceforge.net/doc/laser__interface_8h-source.html]
[carmen.sourceforge.net/doc/localize__interface_8h-source.html]
[carmen.sourceforge.net/doc/localize__messages_8h-source.html]
[carmen.sourceforge.net/doc/localize__motion_8h-source.html]
[carmen.sourceforge.net/doc/localizecore_8h-source.html]
[carmen.sourceforge.net/doc/logger__messages_8h-source.html]
[carmen.sourceforge.net/doc/playback__interface_8h-source.html]
[carmen.sourceforge.net/doc/playback__messages_8h-source.html]
[carmen.sourceforge.net/doc/readlog_8h-source.html]
[carmen.sourceforge.net/doc/writelog_8h-source.html]
[carmen.sourceforge.net/doc/clfconvert_8h-source.html]
[carmen.sourceforge.net/doc/linemapping_8h-source.html]
[carmen.sourceforge.net/doc/map__interface_8h-source.html]
[carmen.sourceforge.net/doc/map__messages_8h-source.html]
[carmen.sourceforge.net/doc/conventional_8h-source.html]
[carmen.sourceforge.net/doc/navigator__interface_8h-source.html]
[carmen.sourceforge.net/doc/navigator__messages_8h-source.html]
[carmen.sourceforge.net/doc/planner__interface_8h-source.html]
[carmen.sourceforge.net/doc/pantilt__interface_8h-source.html]
[carmen.sourceforge.net/doc/pantilt__messages_8h-source.html]
[carmen.sourceforge.net/doc/param__interface_8h-source.html]
[carmen.sourceforge.net/doc/param__messages_8h-source.html]
[carmen.sourceforge.net/doc/proccontrol__interface_8h-source.html]
[carmen.sourceforge.net/doc/proccontrol__messages_8h-source.html]
[carmen.sourceforge.net/doc/robot__central_8h-source.html]
[carmen.sourceforge.net/doc/robot__interface_8h-source.html]
[carmen.sourceforge.net/doc/robot__messages_8h-source.html]
[carmen.sourceforge.net/doc/simulator__interface_8h-source.html]
[carmen.sourceforge.net/doc/simulator__messages_8h-source.html]
[carmen.sourceforge.net/doc/egrid_8h-source.html]
[carmen.sourceforge.net/doc/vascocore_8h-source.html]
[carmen.sourceforge.net/doc/globals_type.html]
[carmen.sourceforge.net/doc/globals_defs_0x63.html]
[carmen.sourceforge.net/doc/globals_defs_0x66.html]
[carmen.sourceforge.net/doc/globals_defs_0x6d.html]
[carmen.sourceforge.net/doc/globals_defs_0x73.html]
[carmen.sourceforge.net/doc/globals_defs_0x74.html]
[carmen.sourceforge.net/doc/globals_0x63.html]
[carmen.sourceforge.net/doc/globals_0x66.html]
[carmen.sourceforge.net/doc/globals_0x6d.html]
[carmen.sourceforge.net/doc/globals_0x73.html]
[carmen.sourceforge.net/doc/globals_0x74.html]
[carmen.sourceforge.net/doc/functions_vars_0x62.html]
[carmen.sourceforge.net/doc/functions_vars_0x63.html]
[carmen.sourceforge.net/doc/functions_vars_0x64.html]
[carmen.sourceforge.net/doc/functions_vars_0x65.html]
[carmen.sourceforge.net/doc/functions_vars_0x66.html]
[carmen.sourceforge.net/doc/functions_vars_0x67.html]
[carmen.sourceforge.net/doc/functions_vars_0x68.html]
[carmen.sourceforge.net/doc/functions_vars_0x69.html]
[carmen.sourceforge.net/doc/functions_vars_0x6a.html]
[carmen.sourceforge.net/doc/functions_vars_0x6c.html]
[carmen.sourceforge.net/doc/functions_vars_0x6d.html]
[carmen.sourceforge.net/doc/functions_vars_0x6e.html]
[carmen.sourceforge.net/doc/functions_vars_0x6f.html]
[carmen.sourceforge.net/doc/functions_vars_0x70.html]
[carmen.sourceforge.net/doc/functions_vars_0x72.html]
[carmen.sourceforge.net/doc/functions_vars_0x73.html]
[carmen.sourceforge.net/doc/functions_vars_0x74.html]
[carmen.sourceforge.net/doc/functions_vars_0x75.html]
[carmen.sourceforge.net/doc/functions_vars_0x76.html]
[carmen.sourceforge.net/doc/functions_vars_0x77.html]
[carmen.sourceforge.net/doc/functions_vars_0x78.html]
[carmen.sourceforge.net/doc/functions_vars_0x79.html]
[carmen.sourceforge.net/doc/functions_vars.html]
[carmen.sourceforge.net/doc/functions_0x62.html]
[carmen.sourceforge.net/doc/functions_0x63.html]
[carmen.sourceforge.net/doc/functions_0x64.html]
[carmen.sourceforge.net/doc/functions_0x65.html]
[carmen.sourceforge.net/doc/functions_0x66.html]
[carmen.sourceforge.net/doc/functions_0x67.html]
[carmen.sourceforge.net/doc/functions_0x68.html]
[carmen.sourceforge.net/doc/functions_0x69.html]
[carmen.sourceforge.net/doc/functions_0x6a.html]
[carmen.sourceforge.net/doc/functions_0x6c.html]
[carmen.sourceforge.net/doc/functions_0x6d.html]
[carmen.sourceforge.net/doc/functions_0x6e.html]
[carmen.sourceforge.net/doc/functions_0x6f.html]
[carmen.sourceforge.net/doc/functions_0x70.html]
[carmen.sourceforge.net/doc/functions_0x72.html]
[carmen.sourceforge.net/doc/functions_0x73.html]
[carmen.sourceforge.net/doc/functions_0x74.html]
[carmen.sourceforge.net/doc/functions_0x75.html]
[carmen.sourceforge.net/doc/functions_0x76.html]
[carmen.sourceforge.net/doc/functions_0x77.html]
[carmen.sourceforge.net/doc/functions_0x78.html]
[carmen.sourceforge.net/doc/functions_0x79.html]
[carmen.sourceforge.net/doc/functions_0x7a.html]
[carmen.sourceforge.net/doc/functions_vars_0x62.html]
[carmen.sourceforge.net/doc/functions_vars_0x63.html]
[carmen.sourceforge.net/doc/functions_vars_0x64.html]
[carmen.sourceforge.net/doc/functions_vars_0x65.html]
[carmen.sourceforge.net/doc/functions_vars_0x66.html]
[carmen.sourceforge.net/doc/functions_vars_0x67.html]
[carmen.sourceforge.net/doc/functions_vars_0x68.html]
[carmen.sourceforge.net/doc/functions_vars_0x69.html]
[carmen.sourceforge.net/doc/functions_vars_0x6a.html]
[carmen.sourceforge.net/doc/functions_vars_0x6c.html]
[carmen.sourceforge.net/doc/functions_vars_0x6d.html]
[carmen.sourceforge.net/doc/functions_vars_0x6e.html]
[carmen.sourceforge.net/doc/functions_vars_0x6f.html]
[carmen.sourceforge.net/doc/functions_vars_0x70.html]
[carmen.sourceforge.net/doc/functions_vars_0x72.html]
[carmen.sourceforge.net/doc/functions_vars_0x73.html]
[carmen.sourceforge.net/doc/functions_vars_0x74.html]
[carmen.sourceforge.net/doc/functions_vars_0x75.html]
[carmen.sourceforge.net/doc/functions_vars_0x76.html]
[carmen.sourceforge.net/doc/functions_vars_0x77.html]
[carmen.sourceforge.net/doc/functions_vars_0x78.html]
[carmen.sourceforge.net/doc/functions_vars_0x79.html]
[carmen.sourceforge.net/doc/functions_vars_0x7a.html]
[carmen.sourceforge.net/doc/functions_vars_0x7a.html]
